warning: unused variable: `max_connections`
  --> crates/apexmail-db/src/pool.rs:86:9
   |
86 |         max_connections: u32,
   |         ^^^^^^^^^^^^^^^ help: if this is intentional, prefix it with an underscore: `_max_connections`
   |
   = note: `#[warn(unused_variables)]` (part of `#[warn(unused)]`) on by default

warning: `apexmail-db` (lib) generated 1 warning (run `cargo fix --lib -p apexmail-db` to apply 1 suggestion)
warning: unused import: `QueryBuilder`
  --> crates/mta/src/postmaster/aggregator.rs:10:20
   |
10 | use sqlx::{PgPool, QueryBuilder};
   |                    ^^^^^^^^^^^^
   |
   = note: `#[warn(unused_imports)]` (part of `#[warn(unused)]`) on by default

warning: `mta` (lib) generated 1 warning (run `cargo fix --lib -p mta` to apply 1 suggestion)
   Compiling api-server v0.1.0 (/Users/sabelakhoua/IdeaProjects/ApexMail/services/mail-server/crates/api-server)
warning: variable does not need to be mutable
   --> crates/api-server/src/middleware/auth.rs:927:5
    |
927 |     mut req: axum::extract::Request,
    |     ----^^^
    |     |
    |     help: remove this `mut`
    |
    = note: `#[warn(unused_mut)]` (part of `#[warn(unused)]`) on by default

warning: `api-server` (lib test) generated 1 warning (run `cargo fix --lib -p api-server --tests` to apply 1 suggestion)
    Finished `test` profile [unoptimized + debuginfo] target(s) in 10.81s
warning: the following packages contain code that will be rejected by a future version of Rust: imap-proto v0.10.2
note: to see what the problems were, use the option `--future-incompat-report`, or run `cargo report future-incompatibilities --id 2`
     Running unittests src/lib.rs (services/mail-server/target/debug/deps/api_server-b3f00d1af1d05ef7)

running 472 tests
test app::tests::test_null_byte_detection ... ok
test app::tests::browser_csp_accepts_configured_https_analytics_image_source ... ok
test app::tests::browser_csp_rejects_non_https_analytics_image_source ... ok
test app::tests::inject_script_nonce_only_touches_opening_script_tags ... ok
test config::tests::db_connection_budget_rejects_oversized_replica_pool ... ok
test config::tests::default_max_inflight_requests_scales_from_db_pool ... ok
test app::tests::api_prefixed_paths_never_render_ui_fallback ... ok
test config::tests::test_parse_duration_hours ... ok
test app::tests::test_not_found_response ... ok
test app::tests::unknown_host_without_matching_route_falls_back_to_not_found ... ok
test config::tests::test_parse_csv ... ok
test config::tests::test_default_cors_origins_respects_environment_and_base_url ... ok
test config::tests::validate_rate_limit_config_rejects_excessive_window ... ok
test config::tests::ui_surface_for_host_prefers_explicit_host_maps ... ok
test config::tests::validate_rate_limit_config_accepts_reasonable_values ... ok
test config::tests::validate_rate_limit_config_rejects_zero_values ... ok
test config::tests::test_production_security_checks ... ok
test app::tests::renders_rust_ui_for_known_host_and_route ... ok
test app::tests::renders_control_plane_sales_for_localhost ... ok
test app::tests::render_ui_response_preserves_auth_query_state ... ok
test error::tests::test_sqlx_row_not_found_maps_to_404 ... ok
test ip_provider::tests::test_allocating_ip_add_on_price_consistency ... ok
test error::tests::test_success_envelope ... ok
test ip_provider::tests::test_warmup_day_0_is_minimum ... ok
test ip_provider::tests::test_warmup_boundary_days ... ok
test ip_provider::tests::test_warmup_day_1_same_as_day_0 ... ok
test ip_provider::tests::test_warmup_day_44_is_not_unlimited ... ok
test error::tests::test_success_envelope_with_meta ... ok
test error::tests::test_internal_hides_details ... ok
test ip_provider::tests::test_warmup_day_45_starts_extended_ramp ... ok
test error::tests::test_validation_includes_details ... ok
test ip_provider::tests::test_warmup_full_period_is_60_days ... ok
test error::tests::test_not_found_response ... ok
test error::tests::test_rate_limited_response ... ok
test ip_provider::tests::test_warmup_graduation_day_is_unlimited ... ok
test ip_provider::tests::test_warmup_last_day_before_graduation_is_still_capped ... ok
test ip_provider::tests::test_warmup_schedule ... ok
test ip_provider::tests::test_warmup_no_gaps_in_coverage ... ok
test ip_provider::tests::test_warmup_monotonically_increasing ... ok
test middleware::auth::tests::test_auth_user_api_key_has_no_user_id ... ok
test middleware::auth::tests::test_api_key_tenant_binding_allows_system_key ... ok
test middleware::auth::tests::test_api_key_tenant_binding_rejects_path_mismatch ... ok
test middleware::auth::tests::test_cache_operations_pattern_safe_on_redis_failure ... ok
test middleware::auth::tests::test_control_plane_static_key_request_requires_admin_path_and_control_plane_host ... ok
test middleware::auth::tests::test_issued_before_or_at_revocation_edge_cases ... ok
test middleware::auth::tests::test_issued_before_or_at_revocation_rejects_old_tokens ... ok
test middleware::auth::tests::test_developer_role_scopes_cannot_manage_webhooks ... ok
test middleware::auth::tests::test_lookup_cached_api_key_allows_none_user_id ... ok
test middleware::auth::tests::test_extract_auth_credential_prefers_api_key ... ok
test middleware::auth::tests::test_lookup_cached_api_key_evicts_empty_tenant_id ... ok
test middleware::auth::tests::test_lookup_cached_api_key_evicts_empty_user_id ... ok
test middleware::auth::tests::test_parse_cached_user_status_handles_missing_sentinel ... ok
test middleware::auth::tests::test_auth_user_serialization_roundtrip ... ok
test middleware::auth::tests::test_auth_user_deny_unknown_fields_rejects_extra_fields ... ok
test middleware::auth::tests::test_lookup_cached_api_key_evicts_corrupted_json ... ok
test middleware::auth::tests::test_parse_cached_user_status_missing_sentinel_is_specific ... ok
test middleware::auth::tests::test_require_scopes_empty_scopes_denies_all ... ok
test middleware::auth::tests::test_require_scopes_missing ... ok
test middleware::auth::tests::test_api_key_hashing ... ok
test middleware::auth::tests::test_require_scopes_no_requirements_passes ... ok
test middleware::auth::tests::test_jwt_claims_roundtrip ... ok
test middleware::auth::tests::test_require_scopes_partial_match_denies ... ok
test middleware::auth::tests::test_require_scopes_present ... ok
test middleware::auth::tests::test_require_scopes_similar_name_no_match ... ok
test middleware::auth::tests::test_require_scopes_wildcard ... ok
test middleware::auth::tests::test_extract_auth_credential_ignores_bearer_like_cookie_values ... ok
test middleware::auth::tests::test_extract_auth_credential_accepts_session_cookie ... ok
test middleware::auth::tests::test_require_scopes_wildcard_grants_everything ... ok
test middleware::auth::tests::test_session_revocation_key_is_scoped_by_tenant_and_user ... ok
test middleware::auth::tests::test_session_revocation_key_isolates_tenants_and_users ... ok
test middleware::auth::tests::test_tenant_id_from_request_path_extracts_admin_tenant_segment ... ok
test middleware::auth::tests::test_user_status_cache_key_is_scoped_by_tenant_and_user ... ok
test middleware::auth::tests::test_user_status_cache_key_isolates_tenants_and_users ... ok
test middleware::auth::tests::test_viewer_role_scopes_cannot_send_messages ... ok
test middleware::idempotency::tests::principal_binding_prefers_api_key_over_missing_user_id ... ok
test middleware::idempotency::tests::test_extract_idempotency_key_missing ... ok
test middleware::idempotency::tests::principal_matches_rejects_different_api_keys_without_user_ids ... ok
test middleware::idempotency::tests::principal_matches_accepts_same_session ... ok
test middleware::idempotency::tests::test_extract_idempotency_key_present ... ok
test middleware::rate_limiter::tests::test_current_window_deterministic ... ok
test middleware::rate_limiter::tests::test_current_window_different_sizes ... ok
test middleware::rate_limiter::tests::test_current_time_ms_reasonable_range ... ok
test middleware::rate_limiter::tests::test_current_window_non_overlapping ... ok
test middleware::rate_limiter::tests::test_rate_limit_info_remaining ... ok
test middleware::rate_limiter::tests::test_rate_limit_info_struct_fields ... ok
test middleware::rate_limiter::tests::test_rate_limit_outcome_exceeded_has_reset_at ... ok
test middleware::rate_limiter::tests::test_rate_limit_outcome_redis_down_maps_correctly ... ok
test middleware::rate_limiter::tests::test_extract_public_client_ip_ignores_forwarded_when_socket_untrusted ... ok
test middleware::rate_limiter::tests::test_parse_cached_rate_limit_tier_handles_tier_and_none_sentinel ... ok
test middleware::rate_limiter::tests::test_requests_per_window_all_tiers_monotonic ... ok
test middleware::rate_limiter::tests::test_requests_per_window_for_rate_limit_tiers ... ok
test middleware::rate_limiter::tests::test_extract_public_client_ip_uses_forwarded_when_socket_trusted ... ok
test middleware::rate_limiter::tests::test_requests_per_window_tiny_window ... ok
test middleware::rate_limiter::tests::test_requests_per_window_rounds_up_subsecond_windows ... ok
test middleware::rate_limiter::tests::test_sliding_window_math ... ok
test middleware::rate_limiter::tests::test_sliding_window_math_edge_cases ... ok
test middleware::rate_limiter::tests::test_tenant_rate_limit_cache_key_scopes_by_tenant ... ok
test middleware::request_logger::tests::test_request_id_newtype ... ok
test middleware::request_logger::tests::test_uuid_generation_is_unique ... ok
test middleware::auth::tests::test_validate_session_csrf_requires_matching_cookie_and_header ... ok
test presentation::json_buffer::tests::test_json_buffer_clear_and_reuse ... ok
test presentation::json_buffer::tests::test_json_buffer_reuse ... ok
test presentation::json_buffer::tests::test_json_buffer_serialize ... ok
test middleware::request_logger::tests::normalizes_legacy_string_error_responses ... ok
test presentation::leads::tests::source_icon_maps_known_lead_sources ... ok
test presentation::leads::tests::source_icon_uses_default_for_unknown_sources ... ok
test middleware::request_logger::tests::preserves_standardized_error_details_and_adds_request_id ... ok
test middleware::idempotency::tests::test_cached_response_roundtrip ... ok
test resilience::tests::test_circuit_breaker_closed_allows_requests ... ok
test resilience::tests::test_bulkhead_call_success ... ok
test resilience::tests::test_circuit_breaker_opens_after_threshold ... ok
test resilience::tests::test_resilient_client_default_configs ... ok
test routes::admin::analytics::tests::select_event_columns_only_returns_whitelisted_variants ... ok
test routes::admin::analytics::tests::parse_analytics_range_defaults_to_seven_days ... ok
test routes::admin::analytics_export::tests::build_csv_sanitizes_formula_like_values ... ok
test routes::admin::analytics_export::tests::build_csv_quotes_header_and_values ... ok
test routes::admin::analytics_export::tests::build_export_query_allows_system_exports ... ok
test routes::admin::analytics_export::tests::build_export_query_scopes_non_system_tenants ... ok
test middleware::metrics::tests::metrics_middleware_handles_unmatched_paths ... ok
test routes::admin::audit::tests::audit_filter_predicates_are_explicitly_allowlisted ... ok
test routes::admin::audit::tests::resolve_audit_window_defaults_to_last_thirty_days ... ok
test routes::admin::audit::tests::resolve_audit_window_rejects_inverted_ranges ... ok
test routes::admin::audit::tests::resolve_audit_window_rejects_ranges_wider_than_ninety_days ... ok
test routes::admin::autopilot::tests::build_pending_candidates_sql_scopes_non_system_tenants ... ok
test routes::admin::audit::tests::build_audit_query_plan_binds_filter_values ... ok
test app::tests::overload_protection_rejects_excess_inflight_requests ... ok
test routes::admin::autopilot::tests::extracts_candidate_id_from_legacy_payload ... ok
test routes::admin::autopilot::tests::max_approvals_per_cycle_honors_rules_override ... ok
test routes::admin::calendar::tests::availability_slots_sql_adds_tenant_filter_when_scoped ... ok
test routes::admin::calendar::tests::calendar_events_sql_adds_tenant_filter_when_scoped ... ok
test routes::admin::compliance_overview::tests::summarize_gdpr_request_counts_uses_deadline_based_overdue_total ... ok
test routes::admin::content::tests::build_list_content_sql_filters_by_author_and_type ... ok
test routes::admin::dashboard::tests::dashboard_cache_ttl_stays_short ... ok
test routes::admin::content::tests::normalize_filter_discards_blank_values ... ok
test routes::admin::dashboard::tests::dashboard_subscription_mrr_sql_uses_plan_prices ... ok
test routes::admin::compliance_overview::tests::test_all_eu_countries_have_vat_rates ... ok
test routes::admin::dashboard::tests::invalidate_dashboard_cache_clears_cached_value ... ok
test routes::admin::features::tests::build_list_feature_overrides_sql_paginates_results ... ok
test routes::admin::features::tests::build_list_features_sql_paginates_results ... ok
test routes::admin::features::tests::normalize_feature_updates_accepts_batch_payloads ... ok
test routes::admin::inbox::tests::build_inbox_audit_metadata_only_contains_mutated_fields ... ok
test routes::admin::inbox::tests::build_list_inbox_sql_allows_system_admins ... ok
test routes::admin::inbox::tests::build_list_inbox_sql_scopes_non_system_tenants ... ok
test routes::admin::inbox::tests::build_update_inbox_sql_scopes_non_system_tenants ... ok
test routes::admin::revenue::tests::revenue_audit_log_spend_sql_reads_known_spend_metadata_keys ... ok
test routes::admin::revenue::tests::revenue_calculate_cac_uses_marketing_spend_per_new_customer ... ok
test routes::admin::revenue::tests::revenue_calculate_ltv_uses_arpa_over_churn ... ok
test routes::admin::revenue::tests::revenue_monthly_price_cents_supports_interval_aliases ... ok
test routes::admin::revenue::tests::revenue_plan_change_delta_cents_uses_recurring_delta ... ok
test routes::admin::risk::tests::build_assessment_alerts_emits_warning_and_critical_breaches ... ok
test routes::admin::risk::tests::build_risk_audit_entry_for_set_limit_includes_target_and_value ... ok
test routes::admin::risk::tests::compute_risk_score_uses_threshold_bands ... ok
test routes::admin::risk::tests::queued_risk_assessment_response_reports_background_job ... ok
test routes::admin::risk::tests::build_risk_audit_entry_for_run_assessment_is_global ... ok
test routes::admin::sales::tests::build_outreach_rate_limit_key_scopes_by_tenant ... ok
test routes::admin::secrets::tests::build_list_secrets_sql_paginates_results ... ok
test routes::admin::support::tests::support_post_request_deserializes_create_shape ... ok
test routes::admin::support::tests::support_post_request_deserializes_reply_shape ... ok
test routes::admin::tenants::tests::delete_confirmation_rejects_missing_prefix ... ok
test routes::admin::tenants::tests::delete_confirmation_rejects_other_tenant_ids ... ok
test routes::admin::tenants::tests::delete_confirmation_requires_exact_tenant_phrase ... ok
test routes::admin::vat::tests::test_all_eu_countries_have_vat_rates ... ok
test routes::admin::vat::tests::test_compute_due_date_december ... ok
test routes::admin::vat::tests::test_compute_due_date_january ... ok
test routes::admin::vat::tests::test_default_limit ... ok
test routes::admin::vat::tests::test_get_eu_vat_rate_ee ... ok
test routes::admin::vat::tests::test_is_eu_country ... ok
test routes::admin::vat::tests::test_map_kmd_row_basic ... ok
test routes::admin::tests::admin_route_files_enforce_wildcard_scope ... ok
test resilience::tests::test_bulkhead_times_out ... ok
test routes::ai_insights::tests::test_bot_detection_response ... ok
test routes::ai_insights::tests::test_send_time_response_serialisation ... ok
test routes::ai_insights::tests::test_subject_analysis_short ... ok
test routes::ai_insights::tests::test_subject_spam_detection ... ok
test routes::analytics::tests::test_build_deliverability_response_uses_consistent_denominators ... ok
test routes::analytics::tests::test_dashboard_response_rates ... ok
test routes::analytics::tests::test_deliverability_response ... ok
test routes::analytics::tests::test_escape_csv_prefixes_formula_like_values_without_stripping_content ... ok
test routes::analytics::tests::test_subject_line_analysis_rejects_empty_subject ... ok
test routes::analytics::tests::test_subject_line_analysis_uses_advanced_analytics_crate ... ok
test routes::analytics::tests::test_volume_query_for_interval_uses_static_query_fragments ... ok
test routes::auth::tests::test_api_key_info_serialisation ... ok
test routes::auth::tests::test_authenticated_user_id_requires_user_session ... ok
test routes::auth::tests::test_authenticated_user_id_returns_string_identifier_without_conversion ... ok
test routes::auth::tests::test_base32_encode_matches_known_secret ... ok
test routes::auth::tests::test_build_mfa_otpauth_url_contains_expected_fields ... ok
test routes::auth::tests::test_clear_login_failures_propagates_redis_errors ... ok
test routes::auth::tests::test_complete_mfa_challenge_request_aliases ... ok
test routes::auth::tests::test_complete_mfa_challenge_request_rejects_unknown_fields ... ok
test routes::auth::tests::test_create_api_key_request_defaults ... ok
test routes::auth::tests::test_create_api_key_request_rejects_unknown_fields ... ok
test routes::auth::tests::test_hash_token_is_deterministic ... ok
test routes::auth::tests::test_issued_before_or_at_revocation_no_revocation ... ok
test routes::auth::tests::test_issued_before_or_at_revocation_token_issued_after_revocation ... ok
test routes::auth::tests::test_issued_before_or_at_revocation_token_issued_at_same_time ... ok
test routes::auth::tests::test_issued_before_or_at_revocation_token_issued_before_revocation ... ok
test routes::auth::tests::test_login_failure_key_format ... ok
test routes::auth::tests::test_login_failure_key_format_does_not_leak_email ... ok
test routes::auth::tests::test_login_lock_key_format ... ok
test routes::auth::tests::test_login_lockout_counter_key_format ... ok
test routes::auth::tests::test_login_lockout_duration_all_escalation_levels ... ok
test routes::auth::tests::test_login_lockout_duration_escalates_and_caps ... ok
test routes::auth::tests::test_login_lockout_duration_escalation_edge_cases ... ok
test routes::auth::tests::test_login_lockout_duration_zero_and_negative ... ok
test routes::auth::tests::test_login_lockout_functions_use_propagating_error_pattern ... ok
test routes::auth::tests::test_login_lockout_keys_deterministic ... ok
test routes::auth::tests::test_login_lockout_keys_different_for_different_users ... ok
test routes::auth::tests::test_login_lockout_keys_different_key_types_same_identifier ... ok
test routes::auth::tests::test_login_lockout_keys_do_not_leak_raw_identifier ... ok
test routes::auth::tests::test_login_lockout_keys_hash_identifiers ... ok
test routes::auth::tests::test_login_lockout_keys_normalized_unlike_login_failure_key ... ok
test routes::auth::tests::test_login_lockout_keys_share_hashed_identifier ... ok
test routes::auth::tests::test_login_lockout_keys_use_input_as_is ... ok
test routes::auth::tests::test_login_request_accepts_mfa_code_alias ... ok
test routes::auth::tests::test_login_request_deserialisation ... ok
test routes::auth::tests::test_login_request_rejects_unknown_fields ... ok
test routes::auth::tests::test_mfa_challenge_functions_use_propagating_error_pattern ... ok
test routes::auth::tests::test_mfa_challenge_key_format ... ok
test routes::auth::tests::test_mfa_challenge_key_namespaces_tokens ... ok
test routes::auth::tests::test_mfa_challenge_prefix_constant ... ok
test routes::auth::tests::test_normalized_login_identifier_trims_and_lowercases ... ok
test routes::auth::tests::test_record_login_failure_sets_lock_when_redis_is_available ... ok
test routes::auth::tests::test_register_response_does_not_leak_verification_token_or_internal_ids ... ok
test routes::auth::tests::test_reset_password_request_aliases ... ok
test routes::auth::tests::test_reset_password_request_rejects_unknown_fields ... ok
test routes::auth::tests::test_resolve_api_key_expiry_defaults_to_ninety_days ... ok
test routes::auth::tests::test_resolve_api_key_expiry_rejects_out_of_range_values ... ok
test routes::auth::tests::test_revoke_user_sessions_propagates_redis_errors ... ok
test routes::auth::tests::test_revoke_user_sessions_uses_tenant_scoped_revocation_key ... ok
test routes::auth::tests::test_role_requires_mfa_for_admin_and_owner_only ... ok
test routes::auth::tests::test_scopes_for_role_mapping ... ok
test routes::auth::tests::test_session_auth_response_serialisation ... ok
test routes::auth::tests::test_session_revocation_key_is_tenant_scoped ... ok
test routes::auth::tests::test_session_revocation_key_isolates_tenants ... ok
test routes::auth::tests::test_session_revocation_key_isolates_users ... ok
test routes::auth::tests::test_validate_password_strength_requires_ascii_special_character ... ok
test resilience::tests::test_circuit_breaker_half_open_allows_probes ... ok
test resilience::tests::test_circuit_breaker_half_open_failure_goes_back_to_open ... ok
test routes::automations::tests::test_automation_response_serialisation ... ok
test routes::automations::tests::test_create_automation_deser ... ok
test routes::billing::tests::billing_routes_admin_access_rejects_tenant_only_scope ... ok
test routes::billing::tests::billing_routes_admin_invoice_queries_cover_current_and_legacy_schemas ... ok
test routes::billing::tests::billing_routes_invoice_html_renderer_escapes_values_and_keeps_reverse_charge_note ... ok
test routes::billing::tests::billing_routes_invoice_xml_renderer_escapes_values_and_includes_payment_fields ... ok
test routes::billing::tests::billing_routes_realtime_counter_key_uses_month_bucket ... ok
test routes::billing::tests::billing_routes_redirect_url_policy_matches_ts_rules ... ok
test routes::admin::support::tests::add_reply_persists_message_with_database_generated_id ... ok
test routes::auth::tests::test_verify_password_or_log_accepts_bcrypt_hashes ... ok
test routes::billing::tests::billing_routes_tenant_access_accepts_exact_and_wildcard_scope ... ok
test routes::billing::tests::billing_routes_usage_cache_key_includes_namespace_and_period ... ok
test routes::billing::tests::test_compute_audit_log_hash_chains_with_previous_hash ... ok
test routes::billing::tests::test_compute_audit_log_hash_changes_with_action ... ok
test routes::billing::tests::test_compute_audit_log_hash_changes_with_metadata ... ok
test routes::billing::tests::test_compute_audit_log_hash_changes_with_tenant_id ... ok
test routes::billing::tests::test_compute_audit_log_hash_changes_with_timestamp ... ok
test routes::billing::tests::test_compute_audit_log_hash_is_deterministic ... ok
test routes::billing::tests::billing_routes_stripe_request_builder_pins_api_version_and_idempotency ... ok
test routes::billing::tests::test_compute_audit_log_hash_output_is_sha256_hex ... ok
test routes::billing::tests::test_compute_audit_log_hash_long_chain_integrity ... ok
test routes::billing::tests::test_compute_audit_log_hash_with_none_resource_id ... ok
test routes::billing::tests::test_generate_audit_log_id_format ... ok
test routes::campaigns::tests::test_campaign_response_serialisation ... ok
test routes::campaigns::tests::test_create_campaign_deser ... ok
test routes::contacts::tests::test_bulk_import_response ... ok
test routes::contacts::tests::test_create_contact_deser ... ok
test routes::contacts::tests_extra::test_contact_response_serialisation ... ok
test routes::csrf::tests::test_csrf_token_generation_and_validation ... ok
test routes::dedicated_ips::tests::test_add_on_price_is_30_dollars ... ok
test routes::dedicated_ips::tests::test_all_ip_provider_error_variants_map_correctly ... ok
test routes::dedicated_ips::tests::test_allocate_ip_request_accepts_region ... ok
test routes::dedicated_ips::tests::test_allocate_ip_deser_defaults ... ok
test routes::dedicated_ips::tests::test_allocate_ip_request_defaults_region_to_none ... ok
test routes::dedicated_ips::tests::test_allocation_response_add_on_price_matches_constant ... ok
test routes::dedicated_ips::tests::test_allocation_response_for_ineligible_plan_keeps_zero_entitlement_visible ... ok
test routes::dedicated_ips::tests::test_dedicated_ip_response_camel_case ... ok
test routes::dedicated_ips::tests::test_ip_provider_to_api_error_no_servers ... ok
test routes::dedicated_ips::tests::test_ip_provider_to_api_error_plan_not_eligible ... ok
test routes::dedicated_ips::tests::test_ip_response_serialisation ... ok
test routes::dedicated_ips::tests::test_limit_reached_includes_limit_number ... ok
test routes::dedicated_ips::tests::test_list_ips_query_defaults ... ok
test routes::dedicated_ips::tests::test_list_ips_query_deser_defaults ... ok
test routes::dedicated_ips::tests::test_list_response_serialisation ... ok
test routes::dedicated_ips::tests::test_pagination_meta_has_more_calculation ... ok
test routes::dedicated_ips::tests::test_plan_not_eligible_message_mentions_upgrade ... ok
test routes::dedicated_ips::tests::test_reputation_blocklisted_deducts_30_points ... ok
test routes::dedicated_ips::tests::test_reputation_defaults_perfect_score ... ok
test routes::dedicated_ips::tests::test_reputation_high_bounce_rate_penalizes ... ok
test routes::dedicated_ips::tests::test_reputation_high_complaint_rate_penalizes ... ok
test routes::dedicated_ips::tests::test_reputation_score_clamped_at_100 ... ok
test routes::dedicated_ips::tests::test_reputation_score_clamped_at_zero ... ok
test routes::dedicated_ips::tests::test_reputation_uses_aggregated_delivery_stats ... ok
test routes::dedicated_ips::tests::test_reputation_zero_sent_yields_perfect_score ... ok
test routes::dedicated_ips::tests::test_warmup_detail_progress_is_percentage ... ok
test routes::dedicated_ips::tests::test_warmup_estimated_completion_preserves_original_start_time ... ok
test routes::dedicated_ips::tests::test_warmup_response_serialisation ... ok
test routes::domains::tests::test_create_domain_request_deser ... ok
test routes::domains::tests::test_dns_records_generation ... ok
test routes::domains::tests_auth::auth_check_result_skips_fix_when_passing ... ok
test routes::domains::tests_auth::auth_kind_fix_hints_are_actionable ... ok
test routes::domains::tests_auth::test_domain_response_serialisation ... ok
test routes::events::tests::test_event_response_serialisation ... ok
test routes::events::tests::test_event_stats_serialisation ... ok
test routes::events::tests::test_timeseries_point ... ok
test routes::forgot_password::tests::test_html_escape ... ok
test routes::forgot_password::tests::test_forgot_password_request_deser ... ok
test routes::forgot_password::tests::test_percent_encode_component ... ok
test routes::health::tests::test_component_check_fields ... ok
test routes::health::tests::test_deep_check_serialisation ... ok
test routes::helpers::tests::token_blacklist_key_hashes_null_bytes_consistently ... ok
test routes::health::tests::test_liveness_returns_ok ... ok
test routes::helpers::tests::token_blacklist_key_reuses_hash_token ... ok
test routes::impersonate::tests::test_create_signed_token_tamper_detection ... ok
test routes::impersonate::tests::test_create_and_verify_signed_token ... ok
test routes::admin::warmup::tests::warmup_action_returns_not_found_for_missing_pool ... ok
test routes::admin::warmup::tests::warmup_action_updates_existing_pool_status ... ok
test routes::messages::tests::tenant_message_circuit_keys_are_tenant_scoped ... ok
test routes::messages::tests::test_batch_send_response_accepted_item_has_id ... ok
test routes::messages::tests::test_batch_send_response_rejected_item_skips_id_and_error_serialization ... ok
test routes::messages::tests::test_batch_send_response_serialisation ... ok
test routes::messages::tests::test_delivery_recipients_combines_to_cc_bcc ... ok
test routes::messages::tests::test_delivery_recipients_empty_cc_bcc ... ok
test routes::messages::tests::test_list_messages_query_defaults ... ok
test routes::messages::tests::test_message_status_returns_queued_when_no_schedule ... ok
test routes::messages::tests::test_message_status_returns_scheduled_when_future_date ... ok
test routes::messages::tests::test_quota_reservation_debug_format_includes_event_id ... ok
test routes::messages::tests::test_send_request_deser ... ok
test routes::messages::tests::test_send_request_rejects_missing_html_and_text ... ok
test routes::pagination::tests::test_cursor_page_serialization ... ok
test routes::pagination::tests::test_cursor_params_defaults ... ok
test routes::pagination::tests::test_cursor_params_denies_unknown_fields ... ok
test routes::pagination::tests::test_cursor_params_with_values ... ok
test routes::pagination::tests::test_decode_invalid_cursor_returns_none ... ok
test routes::pagination::tests::test_decode_not_utf8_returns_none ... ok
test routes::pagination::tests::test_encode_cursor_is_url_safe ... ok
test routes::pagination::tests::test_encode_decode_roundtrip ... ok
test routes::pagination::tests::test_has_more_detects_next_page ... ok
test routes::pagination::tests::test_has_more_no_next_page ... ok
test routes::pagination::tests::test_pagination_error_display ... ok
test routes::pagination::tests::test_pagination_meta_serialization ... ok
test routes::scim::tests::test_scim_disabled_hash_is_not_valid_argon2 ... ok
test routes::scim::tests::test_scim_email_defaults_primary_false_if_missing ... ok
test routes::scim::tests::test_scim_email_requires_value ... ok
test routes::scim::tests::test_scim_group_deserialises ... ok
test routes::scim::tests::test_scim_group_empty_members ... ok
test routes::scim::tests::test_scim_group_serialisation ... ok
test routes::scim::tests::test_scim_list_query_accepts_cursor ... ok
test routes::scim::tests::test_scim_list_query_accepts_start_index_and_count ... ok
test routes::scim::tests::test_scim_list_query_defaults ... ok
test routes::scim::tests::test_scim_list_response_empty ... ok
test routes::scim::tests::test_scim_list_response_with_groups ... ok
test routes::scim::tests::test_scim_list_response_with_users ... ok
test routes::scim::tests::test_scim_max_count_is_reasonable ... ok
test routes::scim::tests::test_scim_member_serialises_with_and_without_display ... ok
test routes::scim::tests::test_scim_name_accepts_given_name_only ... ok
test routes::scim::tests::test_scim_name_both_fields_optional ... ok
test routes::scim::tests::test_scim_patch_request_rejects_unknown_fields ... ok
test routes::scim::tests::test_scim_patch_request_rejects_unknown_request_fields ... ok
test routes::admin::support::tests::create_support_ticket_persists_ticket ... ok
test routes::scim::tests::test_scim_patch_request_remove_operation ... ok
test routes::scim::tests::test_scim_schemas_are_well_known_urns ... ok
test routes::scim::tests::test_scim_patch_request_single_add_operation ... ok
test routes::scim::tests::test_scim_unique_violation_code ... ok
test routes::scim::tests::test_scim_user_deserialises_minimal ... ok
test routes::scim::tests::test_scim_user_deserialises_with_multiple_emails ... ok
test routes::scim::tests::test_scim_user_deserialises_without_name ... ok
test routes::scim::tests::test_scim_user_rejects_missing_required_fields ... ok
test routes::scim::tests::test_scim_user_rejects_unknown_fields ... ok
test routes::scim::tests::test_scim_user_rejects_wrong_schema_type ... ok
test routes::scim::tests::test_scim_user_serialisation ... ok
test routes::scim::tests::test_scim_user_serialises_with_all_name_fields ... ok
test routes::self_hosted_bounces::tests::test_enhanced_status_codes ... ok
test routes::self_hosted_bounces::tests::test_parse_smtp_response_blocked ... ok
test routes::self_hosted_bounces::tests::test_parse_smtp_response_hard_bounce ... ok
test routes::self_hosted_bounces::tests::test_parse_smtp_response_soft_bounce ... ok
test routes::ses_notifications::tests::test_build_sns_string_to_sign_notification_includes_subject ... ok
test routes::ses_notifications::tests::test_extract_apexmail_header_missing ... ok
test routes::ses_notifications::tests::test_extract_apexmail_header_no_headers ... ok
test routes::ses_notifications::tests::test_parse_ses_bounce_event ... ok
test routes::ses_notifications::tests::test_parse_ses_complaint_event ... ok
test routes::ses_notifications::tests::test_parse_ses_delivery_event ... ok
test routes::ses_notifications::tests::test_parse_sns_notification_with_ses_event ... ok
test routes::ses_notifications::tests::test_parse_sns_subscription_confirmation ... ok
test routes::ses_notifications::tests::test_validate_signing_cert_url_rejects_non_aws_host ... ok
test routes::ses_notifications::tests::test_validate_sns_topic_arn_requires_configuration ... ok
test routes::self_hosted_bounces::tests::test_parse_from_text ... ok
test routes::session::tests::test_constant_time_eq ... ok
test routes::session::tests::test_e2e_bypass_enabled_only_for_debug_non_production ... ok
test routes::session::tests::test_extract_cookie ... ok
test routes::sso::tests::test_clear_state_cookie_no_secure_in_dev ... ok
test routes::sso::tests::test_clear_state_cookie_sets_max_age_zero ... ok
test routes::sso::tests::test_encode_uri_component_encodes_special_chars ... ok
test routes::sso::tests::test_encode_uri_component_preserves_alphanumeric ... ok
test routes::sso::tests::test_generate_oauth_state ... ok
test routes::sso::tests::test_generate_oauth_state_has_base64_token ... ok
test routes::sso::tests::test_generate_oauth_state_produces_unique_tokens ... ok
test routes::sso::tests::test_generate_oauth_state_rejects_external_url ... ok
test routes::sso::tests::test_generate_oauth_state_round_trip ... ok
test routes::sso::tests::test_google_email_verified_empty ... ok
test routes::sso::tests::test_google_email_verified_false ... ok
test routes::sso::tests::test_google_email_verified_no ... ok
test routes::sso::tests::test_google_email_verified_none ... ok
test routes::sso::tests::test_google_email_verified_numeric_0 ... ok
test routes::sso::tests::test_google_email_verified_numeric_1 ... ok
test routes::sso::tests::test_google_email_verified_true ... ok
test routes::sso::tests::test_google_email_verified_true_uppercase ... ok
test routes::sso::tests::test_google_token_exchange_response_deserialize ... ok
test routes::sso::tests::test_google_token_info_response_deserialize ... ok
test routes::sso::tests::test_oauth_callback_query_empty ... ok
test routes::sso::tests::test_oauth_callback_query_with_code_and_state ... ok
test routes::sso::tests::test_oauth_callback_query_with_error ... ok
test routes::sso::tests::test_redirect_from_oauth_state ... ok
test routes::sso::tests::test_redirect_from_oauth_state_empty_after_colon ... ok
test routes::sso::tests::test_redirect_from_oauth_state_multiple_colons ... ok
test routes::sso::tests::test_redirect_from_oauth_state_no_colon_at_all ... ok
test routes::sso::tests::test_sanitize_redirect ... ok
test routes::sso::tests::test_sanitize_redirect_deep_path ... ok
test routes::sso::tests::test_sanitize_redirect_rejects_double_slash_prefix ... ok
test routes::sso::tests::test_sanitize_redirect_treats_single_char_as_relative ... ok
test routes::sso::tests::test_set_state_cookie_includes_name_and_value ... ok
test routes::sso::tests::test_set_state_cookie_no_secure_in_dev ... ok
test routes::sso::tests::test_sso_init_query_all_params ... ok
test routes::sso::tests::test_sso_init_query_next ... ok
test routes::sso::tests::test_sso_init_query_next_preferred_over_return_url ... ok
test routes::sso::tests::test_sso_init_query_return_url ... ok
test routes::sso::tests::validate_google_token_info_accepts_accounts_dot_com_issuer ... ok
test routes::sso::tests::validate_google_token_info_accepts_expected_claims ... ok
test routes::sso::tests::validate_google_token_info_accepts_name_optional ... ok
test routes::sso::tests::validate_google_token_info_rejects_empty_email ... ok
test routes::sso::tests::validate_google_token_info_rejects_expired_token ... ok
test routes::sso::tests::validate_google_token_info_rejects_missing_email ... ok
test routes::sso::tests::validate_google_token_info_rejects_missing_expiry ... ok
test routes::sso::tests::validate_google_token_info_rejects_unverified_email ... ok
test routes::sso::tests::validate_google_token_info_rejects_wrong_audience ... ok
test routes::sso::tests::validate_google_token_info_rejects_wrong_issuer ... ok
test routes::stream_tokens::tests::test_default_ttl ... ok
test routes::stream_tokens::tests::test_ttl_clamping ... ok
test routes::support::tests::test_create_ticket_request_deser ... ok
test routes::support::tests::test_ticket_response_serialisation ... ok
test routes::suppressions::tests::test_bulk_response_serialisation ... ok
test routes::suppressions::tests::test_canonical_email_trims_and_lowercases ... ok
test routes::suppressions::tests::test_check_response_not_suppressed ... ok
test routes::suppressions::tests::test_check_response_suppressed ... ok
test routes::suppressions::tests::test_prepare_bulk_entries_counts_casefolded_duplicates ... ok
test routes::telemetry::tests::test_sanitize_log_string ... ok
test routes::telemetry::tests::test_sanitize_status ... ok
test routes::templates::tests::test_substitute_multiple ... ok
test routes::templates::tests::test_substitute_simple ... ok
test routes::templates::tests::test_template_response_serialisation ... ok
test routes::tests::tenant_scoped_route_queries_enforce_tenant_id_filters ... ok
test routes::webhooks::tests::test_create_webhook_request_deser ... ok
test routes::webhooks::tests::test_test_webhook_response_success ... ok
test routes::webhooks::tests::test_validate_webhook_url_allows_explicit_localhost_http ... ok
test routes::webhooks::tests::test_validate_webhook_url_blocks_ipv6_link_local_targets ... ok
test routes::webhooks::tests::test_webhook_response_serialisation ... ok
test state::tests::test_app_state_is_send_sync ... ok
test middleware::metrics::tests::metrics_middleware_records_without_panic ... ok
test routes::messages::tests::api_messages_validate_send_rejects_suppressed_recipients ... ok
test routes::messages::tests::api_messages_enqueue_worker_rows_for_all_recipients ... ok
test routes::messages::tests::cancelling_api_message_cancels_pending_queue_rows ... ok
test resilience::tests::test_bulkhead_limits_concurrency ... ok
test routes::auth::tests::test_verify_password_or_log_accepts_argon2_hashes ... ok
test routes::ses_notifications::tests::test_verify_sns_signature_with_generated_key ... ok
test app::tests::test_public_routes_run_through_ddos_protection ... ok
test app::tests::serves_globals_css_asset ... ok
test app::tests::api_json_routes_keep_the_default_locked_down_csp ... ok
test app::tests::marketing_fallback_pages_receive_nonce_backed_browser_csp ... ok
test app::tests::auth_session_and_csrf_aliases_return_expected_public_contracts ... ok
test app::tests::cookie_backed_auth_flows_require_csrf_on_unsafe_requests ... ok
test app::tests::logout_and_post_only_auth_aliases_remain_wired ... ok
test routes::billing::tests::billing_routes_require_authentication_for_new_public_endpoints ... ok
test app::tests::auth_public_routes_validate_inputs_and_render_browser_verify_page ... ok
test app::tests::migrated_ui_route_inventory_renders_for_exposed_surfaces ... ok

test result: ok. 472 passed; 0 failed; 0 ignored; 0 measured; 0 filtered out; finished in 9.45s

