PASS  perf-first-response-rail :: drafted first-response rows: [('566q865278o2c2weakjb6f9j31', 'frr_fd7f1a84b9b34f66826b'), ('93wns0wgss1b8qqmhfianpzqbv', 'frr_3a877c7104144b328d9f')]
PASS  perf-first-response-approve[566q8652] :: status=200 queue=[{'priority': 100, 'status': 'pending'}]
PASS  perf-first-response-approve[93wns0wg] :: status=200 queue=[{'priority': 100, 'status': 'pending'}]

=== 74 probes, 19 FAIL ===
  FAIL tax:tax-positive :: disposition=ok (observed='positive' want=['positive']); classifier=ok (observed='ai' want=['ai']); draft=BAD (pending=False); draft_constraints=BAD (missing signature)
  FAIL tax:tax-meeting :: disposition=ok (observed='meeting_request' want=['meeting_request']); classifier=ok (observed='ai' want=['ai']); draft=BAD (pending=False); draft_constraints=BAD (missing signature)
  FAIL tax:tax-question :: disposition=ok (observed='question' want=['question']); classifier=ok (observed='ai' want=['ai']); draft=BAD (pending=False); draft_constraints=BAD (missing signature)
  FAIL tax:tax-referral :: disposition=ok (observed='referral' want=['referral']); classifier=ok (observed='ai' want=['ai']); draft=BAD (pending=False); draft_constraints=BAD (missing signature)
  FAIL tax:tax-not-interested :: disposition=ok (observed='not_interested' want=['not_interested']); classifier=ok (observed='ai' want=['ai']); draft=BAD (pending=False); draft_constraints=BAD (missing signature)
  FAIL tax:tax-complaint :: disposition=ok (observed='complaint' want=['complaint']); classifier=ok (observed='ai' want=['ai']); draft=BAD (pending=False); draft_constraints=BAD (missing signature)
  FAIL tax:obj-price :: disposition=ok (observed='not_interested' want=['not_interested', 'question']); classifier=ok (observed='ai' want=['ai']); objection_class=ok (observed='price' want='price'); draft=BAD (pending=False); draft_constraints=BAD (missing signature)
  FAIL tax:obj-timing :: disposition=ok (observed='not_interested' want=['not_interested', 'question']); classifier=ok (observed='ai' want=['ai']); objection_class=ok (observed='timing' want='timing'); draft=BAD (pending=False); draft_constraints=BAD (missing signature)
  FAIL tax:obj-competitor :: disposition=ok (observed='not_interested' want=['not_interested', 'question']); classifier=ok (observed='ai' want=['ai']); objection_class=ok (observed='competitor' want='competitor'); draft=BAD (pending=False); draft_constraints=BAD (missing signature)
  FAIL tax:obj-authority :: disposition=ok (observed='not_interested' want=['not_interested', 'question']); classifier=ok (observed='ai' want=['ai']); objection_class=ok (observed='authority' want='authority'); draft=BAD (pending=False); draft_constraints=BAD (missing signature)
  FAIL tax:obj-trust :: disposition=ok (observed='not_interested' want=['not_interested', 'question']); classifier=ok (observed='ai' want=['ai']); objection_class=ok (observed='trust' want='trust'); draft=BAD (pending=False); draft_constraints=BAD (missing signature)
  FAIL tax:obj-need :: disposition=ok (observed='not_interested' want=['not_interested', 'question']); classifier=ok (observed='ai' want=['ai']); objection_class=ok (observed='need' want='need'); draft=BAD (pending=False); draft_constraints=BAD (missing signature)
  FAIL tax:auto-list-unsubscribe-mailto :: disposition=BAD (observed='unknown' want=['unsubscribe']); classifier=BAD (observed='ai' want=['deterministic'])
  FAIL tax:auto-warranty-support :: disposition=ok (observed='question' want=['question', 'complaint']); classifier=ok (observed='ai' want=['ai']); draft=BAD (pending=False); draft_constraints=BAD (missing signature)
  FAIL conc-twenty :: sent=20 lost=10 duplicated=0 drain_s=31.7 p95_s=31.6
  FAIL dedup-message-id :: rows=2 queue_before=0 queue_after=0
  FAIL conc-twenty :: sent=20 accepted=10 send_errors=10 lost=0 dup=0 drain_s=31.4 p95_s=31.3
  FAIL dedup-message-id :: rows=2 queue_before=0 queue_after=0
  FAIL dedup-message-id :: rows=2 queue_before=0 queue_after=0
STAGES_DONE
