FAIL  canary-ai-agent-claims-rows :: drafted=False classification=meeting_request pending=False worker_processing_at=None
FAIL  tax:tax-positive :: disposition=ok (observed='positive' want=['positive']); classifier=ok (observed='ai' want=['ai']); draft=BAD (pending=False)
FAIL  tax:tax-meeting :: disposition=ok (observed='meeting_request' want=['meeting_request']); classifier=ok (observed='ai' want=['ai']); draft=BAD (pending=False)
FAIL  tax:tax-question :: disposition=ok (observed='question' want=['question']); classifier=ok (observed='ai' want=['ai']); draft=BAD (pending=False)
FAIL  tax:tax-referral :: disposition=ok (observed='referral' want=['referral']); classifier=ok (observed='ai' want=['ai']); draft=BAD (pending=False)
FAIL  tax:tax-not-interested :: disposition=ok (observed='not_interested' want=['not_interested']); classifier=ok (observed='ai' want=['ai']); draft=BAD (pending=False)
PASS  tax:tax-unsubscribe-body :: disposition=ok (observed='unsubscribe' want=['unsubscribe']); classifier=ok (observed='deterministic' want=['deterministic'])
FAIL  tax:tax-complaint :: disposition=ok (observed='complaint' want=['complaint']); classifier=ok (observed='ai' want=['ai']); draft=BAD (pending=False)
PASS  tax:tax-ooo-header :: disposition=ok (observed='ooo' want=['ooo']); classifier=ok (observed='deterministic' want=['deterministic']); declined_no_pending=ok (pending=False note='')
FAIL  tax:tax-bounce-hard :: disposition=BAD (observed='bounce_soft' want=['bounce_hard']); classifier=ok (observed='deterministic' want=['deterministic']); declined_no_pending=ok (pending=False note='')
PASS  tax:tax-bounce-soft :: disposition=ok (observed='bounce_soft' want=['bounce_soft']); classifier=ok (observed='deterministic' want=['deterministic']); declined_no_pending=ok (pending=False note='')
PASS  tax:tax-unknown :: disposition=ok (observed='unknown' want=['unknown']); classifier=ok (observed='ai' want=['ai'])
FAIL  tax:obj-price :: disposition=ok (observed='not_interested' want=['not_interested', 'question']); classifier=ok (observed='ai' want=['ai']); objection_class=ok (observed='price' want='price'); draft=BAD (pending=False)
FAIL  tax:obj-timing :: disposition=ok (observed='not_interested' want=['not_interested', 'question']); classifier=ok (observed='ai' want=['ai']); objection_class=ok (observed='timing' want='timing'); draft=BAD (pending=False)
FAIL  tax:obj-competitor :: disposition=ok (observed='not_interested' want=['not_interested', 'question']); classifier=ok (observed='ai' want=['ai']); objection_class=ok (observed='competitor' want='competitor'); draft=BAD (pending=False)
FAIL  tax:obj-authority :: disposition=ok (observed='not_interested' want=['not_interested', 'question']); classifier=ok (observed='ai' want=['ai']); objection_class=ok (observed='authority' want='authority'); draft=BAD (pending=False)
FAIL  tax:obj-trust :: disposition=ok (observed='not_interested' want=['not_interested', 'question']); classifier=ok (observed='ai' want=['ai']); objection_class=ok (observed='trust' want='trust'); draft=BAD (pending=False)
FAIL  tax:obj-need :: disposition=ok (observed='not_interested' want=['not_interested', 'question']); classifier=ok (observed='ai' want=['ai']); objection_class=ok (observed='need' want='need'); draft=BAD (pending=False)
FAIL  tax:auto-responder-subject :: disposition=BAD (observed=None want=['ooo']); classifier=BAD (observed=None want=['deterministic']); declined_no_pending=BAD (pending=True note='Hello,\n\nThanks for reaching out. Your SPF record should include our servers; you'); no_draft_annotation=BAD (Hello,

Thanks for reaching out. Your SPF record should incl)
FAIL  tax:auto-list-unsubscribe-oneclick :: disposition=BAD (observed=None want=['unsubscribe']); classifier=BAD (observed=None want=['deterministic'])
FAIL  tax:auto-list-unsubscribe-mailto :: disposition=BAD (observed='unknown' want=['unsubscribe']); classifier=BAD (observed='ai' want=['deterministic'])
PASS  tax:auto-stop-german :: disposition=ok (observed='unsubscribe' want=['unsubscribe']); classifier=ok (observed='deterministic' want=['deterministic'])
PASS  tax:auto-stop-french :: disposition=ok (observed='unsubscribe' want=['unsubscribe']); classifier=ok (observed='deterministic' want=['deterministic'])
PASS  tax:auto-spam-unsolicited :: disposition=ok (observed='unknown' want=['unknown', 'not_interested']); classifier=ok (observed='ai' want=['ai'])
PASS  tax:auto-hostile-instruction :: disposition=ok (observed='unknown' want=['unknown', 'complaint', 'not_interested']); declined_no_pending=ok (pending=False note='')
PASS  tax:auto-prompt-injection :: disposition=ok (observed='question' want=['unknown', 'complaint', 'question', 'not_interested']); declined_no_pending=ok (pending=False note='')
PASS  tax:auto-legal-dsr :: disposition=ok (observed='unknown' want=['unknown', 'question', 'not_interested'])
FAIL  tax:auto-warranty-support :: disposition=ok (observed='question' want=['question', 'complaint']); classifier=ok (observed='ai' want=['ai']); draft=BAD (pending=False)
PASS  tax:auto-loop-sender :: disposition=ok (observed='ooo' want=['ooo']); classifier=ok (observed='deterministic' want=['deterministic']); declined_no_pending=ok (pending=False note='')
FAIL  tax:cs-billing-complaint :: disposition=BAD (observed=None want=['complaint']); classifier=BAD (observed=None want=['ai']); draft=ok (pending=True); draft_constraints=ok (clean)
FAIL  tax:cs-delivery-failure :: disposition=BAD (observed=None want=['question', 'complaint']); classifier=BAD (observed=None want=['ai']); draft=ok (pending=True); draft_constraints=ok (clean)
FAIL  tax:cs-refund-discount :: disposition=BAD (observed=None want=['question', 'not_interested']); classifier=BAD (observed=None want=['ai']); draft=ok (pending=True); draft_constraints=ok (clean)
FAIL  tax:cs-security-report :: disposition=BAD (observed=None want=['question', 'complaint']); classifier=BAD (observed=None want=['ai']); draft=ok (pending=True); draft_constraints=ok (clean)
FAIL  tax:cs-abuse-report :: disposition=BAD (observed=None want=['complaint', 'question']); classifier=BAD (observed=None want=['ai']); draft=ok (pending=True); draft_constraints=ok (clean)
FAIL  tax:cs-gdpr-dsr :: disposition=BAD (observed=None want=['unknown', 'question', 'not_interested'])
FAIL  tax:tech-api :: disposition=BAD (observed=None want=['question']); classifier=BAD (observed=None want=['ai']); draft=ok (pending=True); draft_constraints=ok (clean)
FAIL  tax:tech-webhook :: disposition=BAD (observed=None want=['question']); classifier=BAD (observed=None want=['ai']); draft=ok (pending=True); draft_constraints=ok (clean)
FAIL  tax:tech-dns :: disposition=BAD (observed=None want=['question']); classifier=BAD (observed=None want=['ai']); draft=ok (pending=True); draft_constraints=ok (clean)

=== 38 probes, 27 FAIL ===
  FAIL canary-ai-agent-claims-rows :: drafted=False classification=meeting_request pending=False worker_processing_at=None
  FAIL tax:tax-positive :: disposition=ok (observed='positive' want=['positive']); classifier=ok (observed='ai' want=['ai']); draft=BAD (pending=False)
  FAIL tax:tax-meeting :: disposition=ok (observed='meeting_request' want=['meeting_request']); classifier=ok (observed='ai' want=['ai']); draft=BAD (pending=False)
  FAIL tax:tax-question :: disposition=ok (observed='question' want=['question']); classifier=ok (observed='ai' want=['ai']); draft=BAD (pending=False)
  FAIL tax:tax-referral :: disposition=ok (observed='referral' want=['referral']); classifier=ok (observed='ai' want=['ai']); draft=BAD (pending=False)
  FAIL tax:tax-not-interested :: disposition=ok (observed='not_interested' want=['not_interested']); classifier=ok (observed='ai' want=['ai']); draft=BAD (pending=False)
  FAIL tax:tax-complaint :: disposition=ok (observed='complaint' want=['complaint']); classifier=ok (observed='ai' want=['ai']); draft=BAD (pending=False)
  FAIL tax:tax-bounce-hard :: disposition=BAD (observed='bounce_soft' want=['bounce_hard']); classifier=ok (observed='deterministic' want=['deterministic']); declined_no_pending=ok (pending=False note='')
  FAIL tax:obj-price :: disposition=ok (observed='not_interested' want=['not_interested', 'question']); classifier=ok (observed='ai' want=['ai']); objection_class=ok (observed='price' want='price'); draft=BAD (pending=False)
  FAIL tax:obj-timing :: disposition=ok (observed='not_interested' want=['not_interested', 'question']); classifier=ok (observed='ai' want=['ai']); objection_class=ok (observed='timing' want='timing'); draft=BAD (pending=False)
  FAIL tax:obj-competitor :: disposition=ok (observed='not_interested' want=['not_interested', 'question']); classifier=ok (observed='ai' want=['ai']); objection_class=ok (observed='competitor' want='competitor'); draft=BAD (pending=False)
  FAIL tax:obj-authority :: disposition=ok (observed='not_interested' want=['not_interested', 'question']); classifier=ok (observed='ai' want=['ai']); objection_class=ok (observed='authority' want='authority'); draft=BAD (pending=False)
  FAIL tax:obj-trust :: disposition=ok (observed='not_interested' want=['not_interested', 'question']); classifier=ok (observed='ai' want=['ai']); objection_class=ok (observed='trust' want='trust'); draft=BAD (pending=False)
  FAIL tax:obj-need :: disposition=ok (observed='not_interested' want=['not_interested', 'question']); classifier=ok (observed='ai' want=['ai']); objection_class=ok (observed='need' want='need'); draft=BAD (pending=False)
  FAIL tax:auto-responder-subject :: disposition=BAD (observed=None want=['ooo']); classifier=BAD (observed=None want=['deterministic']); declined_no_pending=BAD (pending=True note='Hello,\n\nThanks for reaching out. Your SPF record should include our servers; you'); no_draft_annotation=BAD (Hello,

Thanks for reaching out. Your SPF record should incl)
  FAIL tax:auto-list-unsubscribe-oneclick :: disposition=BAD (observed=None want=['unsubscribe']); classifier=BAD (observed=None want=['deterministic'])
  FAIL tax:auto-list-unsubscribe-mailto :: disposition=BAD (observed='unknown' want=['unsubscribe']); classifier=BAD (observed='ai' want=['deterministic'])
  FAIL tax:auto-warranty-support :: disposition=ok (observed='question' want=['question', 'complaint']); classifier=ok (observed='ai' want=['ai']); draft=BAD (pending=False)
  FAIL tax:cs-billing-complaint :: disposition=BAD (observed=None want=['complaint']); classifier=BAD (observed=None want=['ai']); draft=ok (pending=True); draft_constraints=ok (clean)
  FAIL tax:cs-delivery-failure :: disposition=BAD (observed=None want=['question', 'complaint']); classifier=BAD (observed=None want=['ai']); draft=ok (pending=True); draft_constraints=ok (clean)
  FAIL tax:cs-refund-discount :: disposition=BAD (observed=None want=['question', 'not_interested']); classifier=BAD (observed=None want=['ai']); draft=ok (pending=True); draft_constraints=ok (clean)
  FAIL tax:cs-security-report :: disposition=BAD (observed=None want=['question', 'complaint']); classifier=BAD (observed=None want=['ai']); draft=ok (pending=True); draft_constraints=ok (clean)
  FAIL tax:cs-abuse-report :: disposition=BAD (observed=None want=['complaint', 'question']); classifier=BAD (observed=None want=['ai']); draft=ok (pending=True); draft_constraints=ok (clean)
  FAIL tax:cs-gdpr-dsr :: disposition=BAD (observed=None want=['unknown', 'question', 'not_interested'])
  FAIL tax:tech-api :: disposition=BAD (observed=None want=['question']); classifier=BAD (observed=None want=['ai']); draft=ok (pending=True); draft_constraints=ok (clean)
  FAIL tax:tech-webhook :: disposition=BAD (observed=None want=['question']); classifier=BAD (observed=None want=['ai']); draft=ok (pending=True); draft_constraints=ok (clean)
  FAIL tax:tech-dns :: disposition=BAD (observed=None want=['question']); classifier=BAD (observed=None want=['ai']); draft=ok (pending=True); draft_constraints=ok (clean)
