PASS  canary-ai-agent-claims-rows :: drafted=True classification=meeting_request pending=True worker_processing_at=None
PASS  tax:tax-positive :: disposition=ok (observed='positive' want=['positive']); classifier=ok (observed='ai' want=['ai']); draft=ok (pending=True); draft_constraints=ok (clean)
PASS  tax:tax-meeting :: disposition=ok (observed='meeting_request' want=['meeting_request']); classifier=ok (observed='ai' want=['ai']); draft=ok (pending=True); draft_constraints=ok (clean)
PASS  tax:tax-question :: disposition=ok (observed='question' want=['question']); classifier=ok (observed='ai' want=['ai']); draft=ok (pending=True); draft_constraints=ok (clean)
PASS  tax:tax-referral :: disposition=ok (observed='referral' want=['referral']); classifier=ok (observed='ai' want=['ai']); draft=ok (pending=True); draft_constraints=ok (clean)
PASS  tax:tax-not-interested :: disposition=ok (observed='not_interested' want=['not_interested']); classifier=ok (observed='ai' want=['ai']); draft=ok (pending=True); draft_constraints=ok (clean)
PASS  tax:tax-unsubscribe-body :: disposition=ok (observed='unsubscribe' want=['unsubscribe']); classifier=ok (observed='deterministic' want=['deterministic'])
PASS  tax:tax-complaint :: disposition=ok (observed='complaint' want=['complaint']); classifier=ok (observed='ai' want=['ai']); draft=ok (pending=True); draft_constraints=ok (clean)
PASS  tax:tax-ooo-header :: disposition=ok (observed='ooo' want=['ooo']); classifier=ok (observed='deterministic' want=['deterministic']); declined_no_pending=ok (pending=False note='[NO DRAFT — loop guard: message carries an auto-submission header (auto-submitte'); no_draft_annotation=ok ([NO DRAFT — loop guard: message carries an auto-submission h)
PASS  tax:tax-bounce-hard :: disposition=ok (observed='bounce_hard' want=['bounce_hard']); classifier=ok (observed='deterministic' want=['deterministic']); declined_no_pending=ok (pending=False note='[NO DRAFT — loop guard: sender is the agent itself, its domain, or an automated '); no_draft_annotation=ok ([NO DRAFT — loop guard: sender is the agent itself, its doma)
PASS  tax:tax-bounce-soft :: disposition=ok (observed='bounce_soft' want=['bounce_soft']); classifier=ok (observed='deterministic' want=['deterministic']); declined_no_pending=ok (pending=False note='[NO DRAFT — loop guard: sender is the agent itself, its domain, or an automated '); no_draft_annotation=ok ([NO DRAFT — loop guard: sender is the agent itself, its doma)
PASS  tax:tax-unknown :: disposition=ok (observed='unknown' want=['unknown']); classifier=ok (observed='ai' want=['ai'])
PASS  tax:obj-price :: disposition=ok (observed='not_interested' want=['not_interested', 'question']); classifier=ok (observed='ai' want=['ai']); objection_class=ok (observed='price' want='price'); draft=ok (pending=True); draft_constraints=ok (clean)
PASS  tax:obj-timing :: disposition=ok (observed='not_interested' want=['not_interested', 'question']); classifier=ok (observed='ai' want=['ai']); objection_class=ok (observed='timing' want='timing'); draft=ok (pending=True); draft_constraints=ok (clean)
PASS  tax:obj-competitor :: disposition=ok (observed='not_interested' want=['not_interested', 'question']); classifier=ok (observed='ai' want=['ai']); objection_class=ok (observed='competitor' want='competitor'); draft=ok (pending=True); draft_constraints=ok (clean)
PASS  tax:obj-authority :: disposition=ok (observed='not_interested' want=['not_interested', 'question']); classifier=ok (observed='ai' want=['ai']); objection_class=ok (observed='authority' want='authority'); draft=ok (pending=True); draft_constraints=ok (clean)
PASS  tax:obj-trust :: disposition=ok (observed='not_interested' want=['not_interested', 'question']); classifier=ok (observed='ai' want=['ai']); objection_class=ok (observed='trust' want='trust'); draft=ok (pending=True); draft_constraints=ok (clean)
PASS  tax:obj-need :: disposition=ok (observed='not_interested' want=['not_interested', 'question']); classifier=ok (observed='ai' want=['ai']); objection_class=ok (observed='need' want='need'); draft=ok (pending=True); draft_constraints=ok (clean)
PASS  tax:auto-responder-subject :: disposition=ok (observed='ooo' want=['ooo']); classifier=ok (observed='deterministic' want=['deterministic']); declined_no_pending=ok (pending=False note='')
PASS  tax:auto-list-unsubscribe-oneclick :: disposition=ok (observed='unsubscribe' want=['unsubscribe']); classifier=ok (observed='deterministic' want=['deterministic'])
FAIL  tax:auto-list-unsubscribe-mailto :: disposition=BAD (observed='unknown' want=['unsubscribe']); classifier=BAD (observed='ai' want=['deterministic'])
PASS  tax:auto-stop-german :: disposition=ok (observed='unsubscribe' want=['unsubscribe']); classifier=ok (observed='deterministic' want=['deterministic'])
PASS  tax:auto-stop-french :: disposition=ok (observed='unsubscribe' want=['unsubscribe']); classifier=ok (observed='deterministic' want=['deterministic'])
PASS  tax:auto-spam-unsolicited :: disposition=ok (observed='unknown' want=['unknown', 'not_interested']); classifier=ok (observed='ai' want=['ai'])
PASS  tax:auto-hostile-instruction :: disposition=ok (observed='unknown' want=['unknown', 'complaint', 'not_interested']); declined_no_pending=ok (pending=False note='[NO DRAFT — security policy: message content matched prompt-injection patterns. '); no_draft_annotation=ok ([NO DRAFT — security policy: message content matched prompt-)
PASS  tax:auto-prompt-injection :: disposition=ok (observed='question' want=['unknown', 'complaint', 'question', 'not_interested']); declined_no_pending=ok (pending=False note='[NO DRAFT — flagged: message asked the assistant to change behavior or bypass ru'); no_draft_annotation=ok ([NO DRAFT — flagged: message asked the assistant to change b)
PASS  tax:auto-legal-dsr :: disposition=ok (observed='question' want=['question', 'unknown', 'complaint'])
PASS  tax:auto-warranty-support :: disposition=ok (observed='question' want=['question', 'complaint']); classifier=ok (observed='ai' want=['ai']); draft=ok (pending=True); draft_constraints=ok (clean)
PASS  tax:auto-loop-sender :: disposition=ok (observed='ooo' want=['ooo']); classifier=ok (observed='deterministic' want=['deterministic']); declined_no_pending=ok (pending=False note='')
PASS  tax:cs-billing-complaint :: disposition=ok (observed='complaint' want=['complaint']); classifier=ok (observed='ai' want=['ai']); draft=ok (pending=True); draft_constraints=ok (clean)
PASS  tax:cs-delivery-failure :: disposition=ok (observed='question' want=['question', 'complaint']); classifier=ok (observed='ai' want=['ai']); draft=ok (pending=True); draft_constraints=ok (clean)
PASS  tax:cs-refund-discount :: disposition=ok (observed='question' want=['question', 'not_interested']); classifier=ok (observed='ai' want=['ai']); draft=ok (pending=True); draft_constraints=ok (clean)
PASS  tax:cs-security-report :: disposition=ok (observed='question' want=['question', 'complaint']); classifier=ok (observed='ai' want=['ai']); draft=ok (pending=True); draft_constraints=ok (clean)
PASS  tax:cs-abuse-report :: disposition=ok (observed='complaint' want=['complaint', 'question']); classifier=ok (observed='ai' want=['ai']); draft=ok (pending=True); draft_constraints=ok (clean)
PASS  tax:cs-gdpr-dsr :: disposition=ok (observed='question' want=['unknown', 'question', 'not_interested'])
PASS  tax:tech-api :: disposition=ok (observed='question' want=['question']); classifier=ok (observed='ai' want=['ai']); draft=ok (pending=True); draft_constraints=ok (clean)
PASS  tax:tech-webhook :: disposition=ok (observed='question' want=['question']); classifier=ok (observed='ai' want=['ai']); draft=ok (pending=True); draft_constraints=ok (clean)
PASS  tax:tech-dns :: disposition=ok (observed='question' want=['question']); classifier=ok (observed='ai' want=['ai']); draft=ok (pending=True); draft_constraints=ok (clean)

=== 38 probes, 1 FAIL ===
  FAIL tax:auto-list-unsubscribe-mailto :: disposition=BAD (observed='unknown' want=['unsubscribe']); classifier=BAD (observed='ai' want=['deterministic'])
